Archive member included to satisfy reference by file (symbol)

/usr/lib/gcc/arm-none-eabi/14.2.0/thumb/v6-m/nofp/libgcc.a(_udivsi3.o)
                              build/main.o (__aeabi_uidivmod)
/usr/lib/gcc/arm-none-eabi/14.2.0/thumb/v6-m/nofp/libgcc.a(_dvmd_tls.o)
                              /usr/lib/gcc/arm-none-eabi/14.2.0/thumb/v6-m/nofp/libgcc.a(_udivsi3.o) (__aeabi_idiv0)

Discarded input sections

 .data          0x00000000        0x0 build/boot2.o
 .bss           0x00000000        0x0 build/boot2.o
 .text          0x00000000        0x0 build/crc.o
 .data          0x00000000        0x0 build/crc.o
 .bss           0x00000000        0x0 build/crc.o
 .text          0x00000000        0x0 build/main.o
 .data          0x00000000        0x0 build/main.o
 .bss           0x00000000        0x0 build/main.o
 .text.delay    0x00000000       0x24 build/main.o
 .text.led_on   0x00000000       0x14 build/main.o
 .text.led_off  0x00000000       0x14 build/main.o
 .text.check_counter_overflow
                0x00000000       0x28 build/main.o
 .text.check_counter_compare
                0x00000000       0x28 build/main.o
 .text.set_pwm_value
                0x00000000       0x14 build/main.o
 .text.process_led_dimming
                0x00000000       0x58 build/main.o
 .text.init_led_gpio
                0x00000000       0x38 build/main.o
 .rodata.counter_max
                0x00000000        0x4 build/main.o
 .data          0x00000000        0x0 build/vectors_startup.o
 .bss           0x00000000        0x0 build/vectors_startup.o
 .data          0x00000000        0x0 /usr/lib/gcc/arm-none-eabi/14.2.0/thumb/v6-m/nofp/libgcc.a(_udivsi3.o)
 .bss           0x00000000        0x0 /usr/lib/gcc/arm-none-eabi/14.2.0/thumb/v6-m/nofp/libgcc.a(_udivsi3.o)
 .data          0x00000000        0x0 /usr/lib/gcc/arm-none-eabi/14.2.0/thumb/v6-m/nofp/libgcc.a(_dvmd_tls.o)
 .bss           0x00000000        0x0 /usr/lib/gcc/arm-none-eabi/14.2.0/thumb/v6-m/nofp/libgcc.a(_dvmd_tls.o)

Memory Configuration

Name             Origin             Length             Attributes
flash            0x10000000         0x00200000         xr
sram             0x20000000         0x00040000         xrw
*default*        0x00000000         0xffffffff

Linker script and memory map

LOAD build/boot2.o
LOAD build/crc.o
LOAD build/main.o
LOAD build/vectors_startup.o
START GROUP
LOAD /usr/lib/gcc/arm-none-eabi/14.2.0/thumb/v6-m/nofp/libgcc.a
LOAD /usr/lib/gcc/arm-none-eabi/14.2.0/../../../../arm-none-eabi/lib/thumb/v6-m/nofp/libc.a
END GROUP
                0x00000800                        _minimum_stack_size = 0x800

.text           0x10000000      0x328
                0x10000000                        _start_boot2 = .
 build/boot2.o(.text)
 .text          0x10000000       0x4c build/boot2.o
                0x10000000                _stage2_boot
                0x10000034                literals
                0x1000004c                        _end_boot2 = .
                0x100000fc                        . = (. + (0xfc - (_end_boot2 - _start_boot2)))
 *fill*         0x1000004c       0xb0 
 *(.crc*)
 .crc           0x100000fc        0x4 build/crc.o
                0x100000fc                crc
                0x00000100                        . = 0x100
 *(.vectors*)
 .vectors       0x10000100       0x10 build/vectors_startup.o
                0x10000100                vector_table
 *(.text*)
 .text.failed   0x10000110       0x34 build/main.o
                0x10000110                failed
 .text.startup.main
                0x10000144      0x11c build/main.o
                0x10000144                main
 .text          0x10000260       0x38 build/vectors_startup.o
                0x10000260                _reset_handler
 .text          0x10000298       0x8c /usr/lib/gcc/arm-none-eabi/14.2.0/thumb/v6-m/nofp/libgcc.a(_udivsi3.o)
                0x10000298                __udivsi3
                0x10000298                __aeabi_uidiv
                0x10000310                __aeabi_uidivmod
 .text          0x10000324        0x4 /usr/lib/gcc/arm-none-eabi/14.2.0/thumb/v6-m/nofp/libgcc.a(_dvmd_tls.o)
                0x10000324                __aeabi_ldiv0
                0x10000324                __aeabi_idiv0
                0x10000328                        __etext = .

.glue_7         0x10000328        0x0
 .glue_7        0x10000328        0x0 linker stubs

.glue_7t        0x10000328        0x0
 .glue_7t       0x10000328        0x0 linker stubs

.vfp11_veneer   0x10000328        0x0
 .vfp11_veneer  0x10000328        0x0 linker stubs

.v4_bx          0x10000328        0x0
 .v4_bx         0x10000328        0x0 linker stubs

.iplt           0x10000328        0x0
 .iplt          0x10000328        0x0 build/main.o

.rel.dyn        0x10000328        0x0
 .rel.iplt      0x10000328        0x0 build/main.o

.data           0x20000000        0x8 load address 0x10000328
                0x20000000                        __data_start__ = .
                0x20000000                        . = ALIGN (0x4)
 *(.data*)
 .data.inc_step.0
                0x20000000        0x4 build/main.o
 .data.counter_compare_value
                0x20000004        0x4 build/main.o
                0x20000004                counter_compare_value
                0x20000008                        __data_end__ = .

.igot.plt       0x20000008        0x0 load address 0x10000330
 .igot.plt      0x20000008        0x0 build/main.o

.bss            0x20000008        0x8 load address 0x10000330
                0x20000008                        . = ALIGN (0x4)
                0x20000008                        __bss_start__ = .
 *(.bss*)
 .bss.pwm_setpoint.1
                0x20000008        0x4 build/main.o
 .bss.counter   0x2000000c        0x4 build/main.o
                0x2000000c                counter
 *(COMMON)
                0x20000010                        . = ALIGN (0x4)
                0x20000010                        __bss_end__ = .
                0x20040000                        __StackTop = (ORIGIN (sram) + LENGTH (sram))
                0x00000001                        ASSERT (((__bss_end__ + _minimum_stack_size) <= __StackTop), There is not enough space in RAM for stack.)
OUTPUT(output/output.elf elf32-littlearm)
LOAD linker stubs

.ARM.attributes
                0x00000000       0x2e
 .ARM.attributes
                0x00000000       0x22 build/boot2.o
 .ARM.attributes
                0x00000022       0x2c build/crc.o
 .ARM.attributes
                0x0000004e       0x2c build/main.o
 .ARM.attributes
                0x0000007a       0x22 build/vectors_startup.o
 .ARM.attributes
                0x0000009c       0x1e /usr/lib/gcc/arm-none-eabi/14.2.0/thumb/v6-m/nofp/libgcc.a(_udivsi3.o)
 .ARM.attributes
                0x000000ba       0x1e /usr/lib/gcc/arm-none-eabi/14.2.0/thumb/v6-m/nofp/libgcc.a(_dvmd_tls.o)

.comment        0x00000000       0x1e
 .comment       0x00000000       0x1e build/crc.o
                                 0x1f (size before relaxing)
 .comment       0x0000001e       0x1f build/main.o

.debug_line     0x00000000      0x6cb
 .debug_line    0x00000000       0x70 build/boot2.o
 .debug_line    0x00000070       0x2c build/crc.o
 .debug_line    0x0000009c      0x521 build/main.o
 .debug_line    0x000005bd       0x63 build/vectors_startup.o
 .debug_line    0x00000620       0x61 /usr/lib/gcc/arm-none-eabi/14.2.0/thumb/v6-m/nofp/libgcc.a(_udivsi3.o)
 .debug_line    0x00000681       0x4a /usr/lib/gcc/arm-none-eabi/14.2.0/thumb/v6-m/nofp/libgcc.a(_dvmd_tls.o)

.debug_line_str
                0x00000000      0x125
 .debug_line_str
                0x00000000      0x125 build/boot2.o
                                 0x7f (size before relaxing)
 .debug_line_str
                0x00000125       0x77 build/vectors_startup.o
 .debug_line_str
                0x00000125       0x92 /usr/lib/gcc/arm-none-eabi/14.2.0/thumb/v6-m/nofp/libgcc.a(_udivsi3.o)
 .debug_line_str
                0x00000125       0x92 /usr/lib/gcc/arm-none-eabi/14.2.0/thumb/v6-m/nofp/libgcc.a(_dvmd_tls.o)

.debug_info     0x00000000      0x4c4
 .debug_info    0x00000000       0x24 build/boot2.o
 .debug_info    0x00000024       0x4f build/crc.o
 .debug_info    0x00000073      0x3b4 build/main.o
 .debug_info    0x00000427       0x24 build/vectors_startup.o
 .debug_info    0x0000044b       0x3d /usr/lib/gcc/arm-none-eabi/14.2.0/thumb/v6-m/nofp/libgcc.a(_udivsi3.o)
 .debug_info    0x00000488       0x3c /usr/lib/gcc/arm-none-eabi/14.2.0/thumb/v6-m/nofp/libgcc.a(_dvmd_tls.o)

.debug_abbrev   0x00000000      0x29e
 .debug_abbrev  0x00000000       0x14 build/boot2.o
 .debug_abbrev  0x00000014       0x40 build/crc.o
 .debug_abbrev  0x00000054      0x1e8 build/main.o
 .debug_abbrev  0x0000023c       0x14 build/vectors_startup.o
 .debug_abbrev  0x00000250       0x28 /usr/lib/gcc/arm-none-eabi/14.2.0/thumb/v6-m/nofp/libgcc.a(_udivsi3.o)
 .debug_abbrev  0x00000278       0x26 /usr/lib/gcc/arm-none-eabi/14.2.0/thumb/v6-m/nofp/libgcc.a(_dvmd_tls.o)

.debug_aranges  0x00000000      0x100
 .debug_aranges
                0x00000000       0x20 build/boot2.o
 .debug_aranges
                0x00000020       0x18 build/crc.o
 .debug_aranges
                0x00000038       0x68 build/main.o
 .debug_aranges
                0x000000a0       0x20 build/vectors_startup.o
 .debug_aranges
                0x000000c0       0x20 /usr/lib/gcc/arm-none-eabi/14.2.0/thumb/v6-m/nofp/libgcc.a(_udivsi3.o)
 .debug_aranges
                0x000000e0       0x20 /usr/lib/gcc/arm-none-eabi/14.2.0/thumb/v6-m/nofp/libgcc.a(_dvmd_tls.o)

.debug_str      0x00000000      0x322
 .debug_str     0x00000000      0x322 build/boot2.o
                                 0x8b (size before relaxing)
 .debug_str     0x00000322      0x101 build/crc.o
 .debug_str     0x00000322      0x270 build/main.o
 .debug_str     0x00000322       0x83 build/vectors_startup.o
 .debug_str     0x00000322       0xb9 /usr/lib/gcc/arm-none-eabi/14.2.0/thumb/v6-m/nofp/libgcc.a(_udivsi3.o)
 .debug_str     0x00000322       0xba /usr/lib/gcc/arm-none-eabi/14.2.0/thumb/v6-m/nofp/libgcc.a(_dvmd_tls.o)

.debug_loclists
                0x00000000       0xa9
 .debug_loclists
                0x00000000       0xa9 build/main.o

.debug_rnglists
                0x00000000       0xfe
 .debug_rnglists
                0x00000000       0xfe build/main.o

.debug_frame    0x00000000      0x108
 .debug_frame   0x00000000       0xe8 build/main.o
 .debug_frame   0x000000e8       0x20 /usr/lib/gcc/arm-none-eabi/14.2.0/thumb/v6-m/nofp/libgcc.a(_udivsi3.o)
