Archive member included to satisfy reference by file (symbol)

/usr/lib/gcc/arm-none-eabi/14.2.0/thumb/v6-m/nofp/libgcc.a(_udivsi3.o)
                              build/main.o (__aeabi_uidivmod)
/usr/lib/gcc/arm-none-eabi/14.2.0/thumb/v6-m/nofp/libgcc.a(_dvmd_tls.o)
                              /usr/lib/gcc/arm-none-eabi/14.2.0/thumb/v6-m/nofp/libgcc.a(_udivsi3.o) (__aeabi_idiv0)
/usr/lib/gcc/arm-none-eabi/14.2.0/../../../../arm-none-eabi/lib/thumb/v6-m/nofp/libc.a(libc_a-memmove.o)
                              build/vectors_startup.o (memmove)

Discarded input sections

 .data          0x00000000        0x0 build/boot2.o
 .bss           0x00000000        0x0 build/boot2.o
 .text          0x00000000        0x0 build/crc.o
 .data          0x00000000        0x0 build/crc.o
 .bss           0x00000000        0x0 build/crc.o
 .text          0x00000000        0x0 build/main.o
 .data          0x00000000        0x0 build/main.o
 .bss           0x00000000        0x0 build/main.o
 .rodata.GPIO_OE_SET
                0x00000000        0x4 build/main.o
 .rodata.GPIO25_CTRL
                0x00000000        0x4 build/main.o
 .rodata.RESET_DONE
                0x00000000        0x4 build/main.o
 .rodata.RESETS_BASE_REG
                0x00000000        0x4 build/main.o
 .rodata.GPIO_OUT_CLR
                0x00000000        0x4 build/main.o
 .rodata.GPIO_OUT_SET
                0x00000000        0x4 build/main.o
 .rodata.GPIO_OUT_XOR
                0x00000000        0x4 build/main.o
 .group         0x00000000        0xc build/vectors_startup.o
 .text          0x00000000        0x0 build/vectors_startup.o
 .data          0x00000000        0x0 build/vectors_startup.o
 .bss           0x00000000        0x0 build/vectors_startup.o
 .data          0x00000000        0x0 /usr/lib/gcc/arm-none-eabi/14.2.0/thumb/v6-m/nofp/libgcc.a(_udivsi3.o)
 .bss           0x00000000        0x0 /usr/lib/gcc/arm-none-eabi/14.2.0/thumb/v6-m/nofp/libgcc.a(_udivsi3.o)
 .data          0x00000000        0x0 /usr/lib/gcc/arm-none-eabi/14.2.0/thumb/v6-m/nofp/libgcc.a(_dvmd_tls.o)
 .bss           0x00000000        0x0 /usr/lib/gcc/arm-none-eabi/14.2.0/thumb/v6-m/nofp/libgcc.a(_dvmd_tls.o)
 .text          0x00000000        0x0 /usr/lib/gcc/arm-none-eabi/14.2.0/../../../../arm-none-eabi/lib/thumb/v6-m/nofp/libc.a(libc_a-memmove.o)
 .data          0x00000000        0x0 /usr/lib/gcc/arm-none-eabi/14.2.0/../../../../arm-none-eabi/lib/thumb/v6-m/nofp/libc.a(libc_a-memmove.o)
 .bss           0x00000000        0x0 /usr/lib/gcc/arm-none-eabi/14.2.0/../../../../arm-none-eabi/lib/thumb/v6-m/nofp/libc.a(libc_a-memmove.o)

Memory Configuration

Name             Origin             Length             Attributes
flash            0x10000000         0x00200000         xr
sram             0x20000000         0x00040000         xrw
*default*        0x00000000         0xffffffff

Linker script and memory map

LOAD build/boot2.o
LOAD build/crc.o
LOAD build/main.o
LOAD build/vectors_startup.o
LOAD /usr/lib/gcc/arm-none-eabi/14.2.0/../../../../arm-none-eabi/lib/thumb/v6-m/nofp/libstdc++.a
LOAD /usr/lib/gcc/arm-none-eabi/14.2.0/../../../../arm-none-eabi/lib/thumb/v6-m/nofp/libm.a
START GROUP
LOAD /usr/lib/gcc/arm-none-eabi/14.2.0/thumb/v6-m/nofp/libgcc.a
LOAD /usr/lib/gcc/arm-none-eabi/14.2.0/../../../../arm-none-eabi/lib/thumb/v6-m/nofp/libc.a
END GROUP
                0x00000800                        _minimum_stack_size = 0x800

.text           0x10000000      0x4d4
                0x10000000                        _start_boot2 = .
 build/boot2.o(.text)
 .text          0x10000000       0x4c build/boot2.o
                0x10000000                _stage2_boot
                0x10000034                literals
                0x1000004c                        _end_boot2 = .
                0x100000fc                        . = (. + (0xfc - (_end_boot2 - _start_boot2)))
 *fill*         0x1000004c       0xb0 
 *(.crc*)
 .crc           0x100000fc        0x4 build/crc.o
                0x100000fc                crc
                0x00000100                        . = 0x100
 *(.vectors*)
 .vectors       0x10000100       0x10 build/vectors_startup.o
 *(.text*)
 .text._Z41__static_initialization_and_destruction_0v
                0x10000110        0xc build/main.o
 .text._Z5delayv
                0x1000011c       0x20 build/main.o
                0x1000011c                delay()
 .text._Z6failedv
                0x1000013c       0x18 build/main.o
                0x1000013c                failed()
 .text._Z6led_onv
                0x10000154       0x14 build/main.o
                0x10000154                led_on()
 .text._Z7led_offv
                0x10000168       0x14 build/main.o
                0x10000168                led_off()
 .text._Z22check_counter_overflowv
                0x1000017c       0x20 build/main.o
                0x1000017c                check_counter_overflow()
 .text._Z21check_counter_comparev
                0x1000019c       0x20 build/main.o
                0x1000019c                check_counter_compare()
 .text._Z13set_pwm_valuem
                0x100001bc       0x14 build/main.o
                0x100001bc                set_pwm_value(unsigned long)
 .text._Z19process_led_dimmingv
                0x100001d0       0x50 build/main.o
                0x100001d0                process_led_dimming()
 .text._Z13init_led_gpiov
                0x10000220       0x38 build/main.o
                0x10000220                init_led_gpio()
 .text._Z19check_startup_initsv
                0x10000258       0x48 build/main.o
                0x10000258                check_startup_inits()
 .text.main     0x100002a0       0x24 build/main.o
                0x100002a0                main
 .text._GLOBAL__sub_I_GPIO_OUT_XOR
                0x100002c4        0x8 build/main.o
 .text.Default_Handler
                0x100002cc        0x2 build/vectors_startup.o
                0x100002cc                HardFault_Handler()
                0x100002cc                NMI_Handler()
                0x100002cc                Default_Handler
 .text._ZSt8for_eachIPPFvvEZ13Reset_HandlervEUlS1_E_ET0_T_S5_S4_
                0x100002ce       0x14 build/vectors_startup.o
 .text._ZSt8for_eachIPPFvvEZ13Reset_HandlervEUlS1_E0_ET0_T_S5_S4_
                0x100002e2       0x14 build/vectors_startup.o
 .text._ZNSt11__copy_moveILb0ELb1ESt26random_access_iterator_tagE8__copy_mImmEEPT0_PT_S6_S4_
                0x100002f6       0x2c build/vectors_startup.o
                0x100002f6                unsigned long* std::__copy_move<false, true, std::random_access_iterator_tag>::__copy_m<unsigned long, unsigned long>(unsigned long*, unsigned long*, unsigned long*)
 *fill*         0x10000322        0x2 
 .text._Z13Reset_Handlerv
                0x10000324       0x5c build/vectors_startup.o
                0x10000324                Reset_Handler()
 .text          0x10000380       0x8c /usr/lib/gcc/arm-none-eabi/14.2.0/thumb/v6-m/nofp/libgcc.a(_udivsi3.o)
                0x10000380                __udivsi3
                0x10000380                __aeabi_uidiv
                0x100003f8                __aeabi_uidivmod
 .text          0x1000040c        0x4 /usr/lib/gcc/arm-none-eabi/14.2.0/thumb/v6-m/nofp/libgcc.a(_dvmd_tls.o)
                0x1000040c                __aeabi_ldiv0
                0x1000040c                __aeabi_idiv0
 .text.memmove  0x10000410       0xc4 /usr/lib/gcc/arm-none-eabi/14.2.0/../../../../arm-none-eabi/lib/thumb/v6-m/nofp/libc.a(libc_a-memmove.o)
                0x10000410                memmove

.glue_7         0x100004d4        0x0
 .glue_7        0x100004d4        0x0 linker stubs

.glue_7t        0x100004d4        0x0
 .glue_7t       0x100004d4        0x0 linker stubs

.vfp11_veneer   0x100004d4        0x0
 .vfp11_veneer  0x100004d4        0x0 linker stubs

.v4_bx          0x100004d4        0x0
 .v4_bx         0x100004d4        0x0 linker stubs

.iplt           0x100004d4        0x0
 .iplt          0x100004d4        0x0 build/main.o

.rel.dyn        0x100004d4        0x0
 .rel.iplt      0x100004d4        0x0 build/main.o

.preinit_array  0x100004d4        0x0
                0x100004d4                        __preinit_array_start = .
 *(.preinit_array)
                0x100004d4                        __preinit_array_end = .

.init_array     0x100004d4        0x4
                0x100004d4                        __init_array_start = .
 *(.init_array)
 .init_array    0x100004d4        0x4 build/main.o
                0x100004d8                        __init_array_end = .
                0x100004d8                        __start_data_at_flash = .

.data           0x20000000        0x8 load address 0x100004d8
                0x20000000                        __data_start__ = .
                0x20000000                        . = ALIGN (0x4)
 *(.data*)
 .data._ZZ19process_led_dimmingvE8inc_step
                0x20000000        0x4 build/main.o
 .data.counter_compare_value
                0x20000004        0x4 build/main.o
                0x20000004                counter_compare_value
                0x20000008                        __data_end__ = .

.igot.plt       0x20000008        0x0 load address 0x100004e0
 .igot.plt      0x20000008        0x0 build/main.o

.bss            0x20000008        0xc load address 0x100004e0
                0x20000008                        . = ALIGN (0x4)
                0x20000008                        __bss_start__ = .
 *(.bss*)
 .bss.test_object
                0x20000008        0x4 build/main.o
                0x20000008                test_object
 .bss._ZZ19process_led_dimmingvE12pwm_setpoint
                0x2000000c        0x4 build/main.o
 .bss.counter   0x20000010        0x4 build/main.o
                0x20000010                counter
 *(COMMON)
                0x20000014                        . = ALIGN (0x4)
                0x20000014                        __bss_end__ = .
                0x20040000                        __StackTop = (ORIGIN (sram) + LENGTH (sram))
                0x00000001                        ASSERT (((__bss_end__ + _minimum_stack_size) <= __StackTop), There is not enough space in RAM for stack.)
OUTPUT(output/output.elf elf32-littlearm)
LOAD linker stubs

.ARM.attributes
                0x00000000       0x2e
 .ARM.attributes
                0x00000000       0x22 build/boot2.o
 .ARM.attributes
                0x00000022       0x2c build/crc.o
 .ARM.attributes
                0x0000004e       0x2c build/main.o
 .ARM.attributes
                0x0000007a       0x2c build/vectors_startup.o
 .ARM.attributes
                0x000000a6       0x1e /usr/lib/gcc/arm-none-eabi/14.2.0/thumb/v6-m/nofp/libgcc.a(_udivsi3.o)
 .ARM.attributes
                0x000000c4       0x1e /usr/lib/gcc/arm-none-eabi/14.2.0/thumb/v6-m/nofp/libgcc.a(_dvmd_tls.o)
 .ARM.attributes
                0x000000e2       0x2c /usr/lib/gcc/arm-none-eabi/14.2.0/../../../../arm-none-eabi/lib/thumb/v6-m/nofp/libc.a(libc_a-memmove.o)

.comment        0x00000000       0x3c
 .comment       0x00000000       0x3c build/crc.o
                                 0x1f (size before relaxing)
 .comment       0x0000003c       0x1f build/main.o
 .comment       0x0000003c       0x1f build/vectors_startup.o
 .comment       0x0000003c       0x1f /usr/lib/gcc/arm-none-eabi/14.2.0/../../../../arm-none-eabi/lib/thumb/v6-m/nofp/libc.a(libc_a-memmove.o)

.GCC.command.line
                0x00000000      0x107
 .GCC.command.line
                0x00000000      0x107 build/main.o
 .GCC.command.line
                0x00000107      0x107 build/vectors_startup.o

.debug_line     0x00000000      0xa1e
 .debug_line    0x00000000       0x70 build/boot2.o
 .debug_line    0x00000070       0x2c build/crc.o
 .debug_line    0x0000009c      0x381 build/main.o
 .debug_line    0x0000041d      0x343 build/vectors_startup.o
 .debug_line    0x00000760       0x61 /usr/lib/gcc/arm-none-eabi/14.2.0/thumb/v6-m/nofp/libgcc.a(_udivsi3.o)
 .debug_line    0x000007c1       0x4a /usr/lib/gcc/arm-none-eabi/14.2.0/thumb/v6-m/nofp/libgcc.a(_dvmd_tls.o)
 .debug_line    0x0000080b      0x213 /usr/lib/gcc/arm-none-eabi/14.2.0/../../../../arm-none-eabi/lib/thumb/v6-m/nofp/libc.a(libc_a-memmove.o)

.debug_line_str
                0x00000000      0x113
 .debug_line_str
                0x00000000      0x113 build/boot2.o
                                 0x81 (size before relaxing)
 .debug_line_str
                0x00000113       0x92 /usr/lib/gcc/arm-none-eabi/14.2.0/thumb/v6-m/nofp/libgcc.a(_udivsi3.o)
 .debug_line_str
                0x00000113       0x92 /usr/lib/gcc/arm-none-eabi/14.2.0/thumb/v6-m/nofp/libgcc.a(_dvmd_tls.o)

.debug_info     0x00000000     0x1723
 .debug_info    0x00000000       0x24 build/boot2.o
 .debug_info    0x00000024       0x4f build/crc.o
 .debug_info    0x00000073      0x62c build/main.o
 .debug_info    0x0000069f      0xec3 build/vectors_startup.o
 .debug_info    0x00001562       0x3d /usr/lib/gcc/arm-none-eabi/14.2.0/thumb/v6-m/nofp/libgcc.a(_udivsi3.o)
 .debug_info    0x0000159f       0x3c /usr/lib/gcc/arm-none-eabi/14.2.0/thumb/v6-m/nofp/libgcc.a(_dvmd_tls.o)
 .debug_info    0x000015db      0x148 /usr/lib/gcc/arm-none-eabi/14.2.0/../../../../arm-none-eabi/lib/thumb/v6-m/nofp/libc.a(libc_a-memmove.o)

.debug_abbrev   0x00000000      0x757
 .debug_abbrev  0x00000000       0x14 build/boot2.o
 .debug_abbrev  0x00000014       0x40 build/crc.o
 .debug_abbrev  0x00000054      0x231 build/main.o
 .debug_abbrev  0x00000285      0x3c1 build/vectors_startup.o
 .debug_abbrev  0x00000646       0x28 /usr/lib/gcc/arm-none-eabi/14.2.0/thumb/v6-m/nofp/libgcc.a(_udivsi3.o)
 .debug_abbrev  0x0000066e       0x26 /usr/lib/gcc/arm-none-eabi/14.2.0/thumb/v6-m/nofp/libgcc.a(_dvmd_tls.o)
 .debug_abbrev  0x00000694       0xc3 /usr/lib/gcc/arm-none-eabi/14.2.0/../../../../arm-none-eabi/lib/thumb/v6-m/nofp/libc.a(libc_a-memmove.o)

.debug_aranges  0x00000000      0x158
 .debug_aranges
                0x00000000       0x20 build/boot2.o
 .debug_aranges
                0x00000020       0x18 build/crc.o
 .debug_aranges
                0x00000038       0x80 build/main.o
 .debug_aranges
                0x000000b8       0x40 build/vectors_startup.o
 .debug_aranges
                0x000000f8       0x20 /usr/lib/gcc/arm-none-eabi/14.2.0/thumb/v6-m/nofp/libgcc.a(_udivsi3.o)
 .debug_aranges
                0x00000118       0x20 /usr/lib/gcc/arm-none-eabi/14.2.0/thumb/v6-m/nofp/libgcc.a(_dvmd_tls.o)
 .debug_aranges
                0x00000138       0x20 /usr/lib/gcc/arm-none-eabi/14.2.0/../../../../arm-none-eabi/lib/thumb/v6-m/nofp/libc.a(libc_a-memmove.o)

.debug_str      0x00000000      0xf6f
 .debug_str     0x00000000      0xf6f build/boot2.o
                                 0x8d (size before relaxing)
 .debug_str     0x00000f6f      0x103 build/crc.o
 .debug_str     0x00000f6f      0x5dd build/main.o
 .debug_str     0x00000f6f      0xb31 build/vectors_startup.o
 .debug_str     0x00000f6f       0xb9 /usr/lib/gcc/arm-none-eabi/14.2.0/thumb/v6-m/nofp/libgcc.a(_udivsi3.o)
 .debug_str     0x00000f6f       0xba /usr/lib/gcc/arm-none-eabi/14.2.0/thumb/v6-m/nofp/libgcc.a(_dvmd_tls.o)
 .debug_str     0x00000f6f      0x1ed /usr/lib/gcc/arm-none-eabi/14.2.0/../../../../arm-none-eabi/lib/thumb/v6-m/nofp/libc.a(libc_a-memmove.o)

.debug_loclists
                0x00000000      0x6e4
 .debug_loclists
                0x00000000       0x4e build/main.o
 .debug_loclists
                0x0000004e      0x231 build/vectors_startup.o
 .debug_loclists
                0x0000027f      0x465 /usr/lib/gcc/arm-none-eabi/14.2.0/../../../../arm-none-eabi/lib/thumb/v6-m/nofp/libc.a(libc_a-memmove.o)

.debug_rnglists
                0x00000000       0x9a
 .debug_rnglists
                0x00000000       0x5b build/main.o
 .debug_rnglists
                0x0000005b       0x2b build/vectors_startup.o
 .debug_rnglists
                0x00000086       0x14 /usr/lib/gcc/arm-none-eabi/14.2.0/../../../../arm-none-eabi/lib/thumb/v6-m/nofp/libc.a(libc_a-memmove.o)

.debug_frame    0x00000000      0x1fc
 .debug_frame   0x00000000      0x11c build/main.o
 .debug_frame   0x0000011c       0x8c build/vectors_startup.o
 .debug_frame   0x000001a8       0x20 /usr/lib/gcc/arm-none-eabi/14.2.0/thumb/v6-m/nofp/libgcc.a(_udivsi3.o)
 .debug_frame   0x000001c8       0x34 /usr/lib/gcc/arm-none-eabi/14.2.0/../../../../arm-none-eabi/lib/thumb/v6-m/nofp/libc.a(libc_a-memmove.o)
