
Discarded input sections

 .data          0x00000000        0x0 build/boot2.o
 .bss           0x00000000        0x0 build/boot2.o
 .text          0x00000000        0x0 build/crc.o
 .data          0x00000000        0x0 build/crc.o
 .bss           0x00000000        0x0 build/crc.o
 .data          0x00000000        0x0 build/rp2040_blink.o
 .bss           0x00000000        0x0 build/rp2040_blink.o

Memory Configuration

Name             Origin             Length             Attributes
flash            0x10000000         0x00200000         xr
sram             0x20000000         0x00040000         xrw
*default*        0x00000000         0xffffffff

Linker script and memory map

LOAD build/boot2.o
LOAD build/crc.o
LOAD build/rp2040_blink.o

.text           0x10000000      0x168
                0x10000000                        _start_boot2 = .
 build/boot2.o(.text)
 .text          0x10000000       0x40 build/boot2.o
                0x10000000                _stage2_boot
                0x1000002a                literals
                0x10000040                        _end_boot2 = .
                0x100000fc                        . = (. + (0xfc - (_end_boot2 - _start_boot2)))
 *fill*         0x10000040       0xbc 
 *(.crc*)
 .crc           0x100000fc        0x4 build/crc.o
                0x100000fc                crc
                0x00000100                        . = 0x100
 *(.text*)
 .text          0x10000100       0x68 build/rp2040_blink.o
                0x10000100                _start
OUTPUT(output/output.elf elf32-littlearm)
LOAD linker stubs

.glue_7         0x10000168        0x0
 .glue_7        0x10000168        0x0 linker stubs

.glue_7t        0x10000168        0x0
 .glue_7t       0x10000168        0x0 linker stubs

.vfp11_veneer   0x10000168        0x0
 .vfp11_veneer  0x10000168        0x0 linker stubs

.v4_bx          0x10000168        0x0
 .v4_bx         0x10000168        0x0 linker stubs

.ARM.attributes
                0x00000000       0x2e
 .ARM.attributes
                0x00000000       0x22 build/boot2.o
 .ARM.attributes
                0x00000022       0x2c build/crc.o
 .ARM.attributes
                0x0000004e       0x21 build/rp2040_blink.o

.comment        0x00000000       0x1e
 .comment       0x00000000       0x1e build/crc.o
                                 0x1f (size before relaxing)

.debug_line     0x00000000      0x10f
 .debug_line    0x00000000       0x6b build/boot2.o
 .debug_line    0x0000006b       0x2c build/crc.o
 .debug_line    0x00000097       0x78 build/rp2040_blink.o

.debug_line_str
                0x00000000       0x7a
 .debug_line_str
                0x00000000       0x7a build/boot2.o
                                 0x69 (size before relaxing)
 .debug_line_str
                0x0000007a       0x5e build/rp2040_blink.o

.debug_info     0x00000000       0x97
 .debug_info    0x00000000       0x24 build/boot2.o
 .debug_info    0x00000024       0x4f build/crc.o
 .debug_info    0x00000073       0x24 build/rp2040_blink.o

.debug_abbrev   0x00000000       0x68
 .debug_abbrev  0x00000000       0x14 build/boot2.o
 .debug_abbrev  0x00000014       0x40 build/crc.o
 .debug_abbrev  0x00000054       0x14 build/rp2040_blink.o

.debug_aranges  0x00000000       0x58
 .debug_aranges
                0x00000000       0x20 build/boot2.o
 .debug_aranges
                0x00000020       0x18 build/crc.o
 .debug_aranges
                0x00000038       0x20 build/rp2040_blink.o

.debug_str      0x00000000      0x120
 .debug_str     0x00000000      0x120 build/boot2.o
                                 0x75 (size before relaxing)
 .debug_str     0x00000120       0xe7 build/crc.o
 .debug_str     0x00000120       0x6a build/rp2040_blink.o
